// Jest Snapshot v1, https://jestjs.io/docs/snapshot-testing

exports[`SelectScheduled deve renderizar corretamente a tela inicial (snapshot) 1`] = `
<div>
  <div
    class="container"
  >
    <form>
      <label
        class="label"
      >
        Escolha o dia e horário
      </label>
      <input
        data-testid="date-input"
        required=""
        type="date"
        value=""
      />
      <button>
        Buscar horários
      </button>
    </form>
    <div
      class="scheduled"
    >
      <div>
        Busque por horários disponíveis...
      </div>
    </div>
    <div
      class="boxBtns"
    >
      <button>
        Voltar
      </button>
      <button>
        Próximo
      </button>
    </div>
  </div>
</div>
`;
